
> react-typescript-starter@0.1.0 test
> react-scripts test --coverage

Browserslist: caniuse-lite is outdated. Please run:
  npx browserslist@latest --update-db
  Why you should do it regularly: https://github.com/browserslist/browserslist#browsers-data-updating
PASS src/nested.test.ts
PASS src/arrays.test.ts
PASS src/objects.test.ts
PASS src/quizzer/Quizzer.test.tsx
PASS src/components/StartAttempt.test.tsx
PASS src/components/TwoDice.test.tsx
PASS src/form-components/MultipleChoiceQuestion.test.tsx
PASS src/bad-components/ChooseTeam.test.tsx
PASS src/bad-components/DoubleHalf.test.tsx
PASS src/functions.test.ts
PASS src/form-components/CheckAnswer.test.tsx
PASS src/form-components/EditMode.test.tsx
PASS src/components/ChangeType.test.tsx
PASS src/components/CycleHoliday.test.tsx
PASS src/form-components/GiveAttempts.test.tsx
  ● Console

    console.error
      Warning: Received NaN for the `value` attribute. If this is expected, cast the value to a string.
          at input
          at /home/runner/work/tasks/tasks/node_modules/react-bootstrap/cjs/FormControl.js:27:3
          at div
          at /home/runner/work/tasks/tasks/node_modules/react-bootstrap/cjs/FormGroup.js:19:3
          at div
          at div
          at GiveAttempts (/home/runner/work/tasks/tasks/src/form-components/GiveAttempts.tsx:5:45)

      at printWarning (node_modules/react-dom/cjs/react-dom.development.js:67:30)
      at error (node_modules/react-dom/cjs/react-dom.development.js:43:5)
      at validateProperty$1 (node_modules/react-dom/cjs/react-dom.development.js:3492:7)
      at warnUnknownProperties (node_modules/react-dom/cjs/react-dom.development.js:3559:21)
      at validateProperties$2 (node_modules/react-dom/cjs/react-dom.development.js:3583:3)
      at validatePropertiesInDevelopment (node_modules/react-dom/cjs/react-dom.development.js:8765:5)
      at setInitialProperties (node_modules/react-dom/cjs/react-dom.development.js:9041:5)
      at finalizeInitialChildren (node_modules/react-dom/cjs/react-dom.development.js:10201:3)

PASS src/form-components/ChangeColor.test.tsx
PASS src/components/Counter.test.tsx
PASS src/components/RevealAnswer.test.tsx
PASS src/bad-components/ColoredBox.test.tsx
PASS src/bad-components/ShoveBox.test.tsx
PASS src/App.test.tsx
  ● Console

    console.error
      Warning: Received NaN for the `value` attribute. If this is expected, cast the value to a string.
          at input
          at /home/runner/work/tasks/tasks/node_modules/react-bootstrap/cjs/FormControl.js:27:3
          at div
          at /home/runner/work/tasks/tasks/node_modules/react-bootstrap/cjs/FormGroup.js:19:3
          at div
          at div
          at GiveAttempts (/home/runner/work/tasks/tasks/src/form-components/GiveAttempts.tsx:5:45)
          at div
          at App

      at printWarning (node_modules/react-dom/cjs/react-dom.development.js:67:30)
      at error (node_modules/react-dom/cjs/react-dom.development.js:43:5)
      at validateProperty$1 (node_modules/react-dom/cjs/react-dom.development.js:3492:7)
      at warnUnknownProperties (node_modules/react-dom/cjs/react-dom.development.js:3559:21)
      at validateProperties$2 (node_modules/react-dom/cjs/react-dom.development.js:3583:3)
      at validatePropertiesInDevelopment (node_modules/react-dom/cjs/react-dom.development.js:8765:5)
      at setInitialProperties (node_modules/react-dom/cjs/react-dom.development.js:9041:5)
      at finalizeInitialChildren (node_modules/react-dom/cjs/react-dom.development.js:10201:3)

-----------------------------|---------|----------|---------|---------|--------------------------------------------
File                         | % Stmts | % Branch | % Funcs | % Lines | Uncovered Line #s                          
-----------------------------|---------|----------|---------|---------|--------------------------------------------
All files                    |   92.87 |    93.97 |   91.79 |   92.63 |                                            
 src                         |   98.14 |    98.61 |     100 |   98.08 |                                            
  App.tsx                    |     100 |      100 |     100 |     100 |                                            
  arrays.ts                  |   98.21 |      100 |     100 |   98.11 | 25                                         
  functions.ts               |   94.44 |      100 |     100 |   94.44 | 59                                         
  nested.ts                  |     100 |      100 |     100 |     100 |                                            
  objects.ts                 |   96.55 |     87.5 |     100 |   96.55 | 50                                         
 src/bad-components          |     100 |       50 |     100 |     100 |                                            
  ChooseTeam.tsx             |     100 |       50 |     100 |     100 | 18                                         
  ColoredBox.tsx             |     100 |      100 |     100 |     100 |                                            
  DoubleHalf.tsx             |     100 |      100 |     100 |     100 |                                            
  ShoveBox.tsx               |     100 |      100 |     100 |     100 |                                            
 src/components              |     100 |      100 |     100 |     100 |                                            
  ChangeType.tsx             |     100 |      100 |     100 |     100 |                                            
  Counter.tsx                |     100 |      100 |     100 |     100 |                                            
  CycleHoliday.tsx           |     100 |      100 |     100 |     100 |                                            
  RevealAnswer.tsx           |     100 |      100 |     100 |     100 |                                            
  StartAttempt.tsx           |     100 |      100 |     100 |     100 |                                            
  TwoDice.tsx                |     100 |      100 |     100 |     100 |                                            
 src/form-components         |     100 |      100 |     100 |     100 |                                            
  ChangeColor.tsx            |     100 |      100 |     100 |     100 |                                            
  CheckAnswer.tsx            |     100 |      100 |     100 |     100 |                                            
  EditMode.tsx               |     100 |      100 |     100 |     100 |                                            
  GiveAttempts.tsx           |     100 |      100 |     100 |     100 |                                            
  MultipleChoiceQuestion.tsx |     100 |      100 |     100 |     100 |                                            
 src/interfaces              |       0 |        0 |       0 |       0 |                                            
  answer.ts                  |       0 |        0 |       0 |       0 |                                            
  question.ts                |       0 |        0 |       0 |       0 |                                            
 src/quizzer                 |   82.75 |    85.18 |   77.46 |   82.01 |                                            
  AddQuizModal.tsx           |   64.28 |      100 |      40 |   64.28 | 36-55                                      
  QuestionEdit.tsx           |   46.66 |    66.66 |      40 |   46.66 | 26-29,48-49,56-58,66-68,91-164,198,225,250 
  QuizCard.tsx               |     100 |       80 |     100 |     100 | 32                                         
  QuizEdit.tsx               |   85.18 |      100 |   73.33 |      84 | 35-38,72,102                               
  QuizExpanded.tsx           |     100 |    85.71 |     100 |     100 | 74                                         
  QuizList.tsx               |     100 |      100 |     100 |     100 |                                            
  QuizQuestion.tsx           |     100 |    85.71 |     100 |     100 | 24-31                                      
  QuizView.tsx               |     100 |      100 |     100 |     100 |                                            
  Quizzer.tsx                |     100 |      100 |     100 |     100 |                                            
  question.ts                |       0 |        0 |       0 |       0 |                                            
  quiz.ts                    |       0 |        0 |       0 |       0 |                                            
-----------------------------|---------|----------|---------|---------|--------------------------------------------

Test Suites: 21 passed, 21 total
Tests:       147 passed, 147 total
Snapshots:   0 total
Time:        14.931 s
Ran all test suites.
